// Vitest Snapshot v1, https://vitest.dev/guide/snapshot.html

exports[`ChatStartDialog.vue > renders the correct markup 1`] = `
<v-dialog
  class="chat-start-dialog"
  data-v-50a3fb39=""
  modelvalue="true"
  width="500"
>
  <v-card
    data-v-50a3fb39=""
  >
    <v-card-title
      class="a-text-header"
      data-v-50a3fb39=""
    >
      Start a new chat
    </v-card-title>
    <v-divider
      class="a-divider"
      data-v-50a3fb39=""
    />
    <v-row
      align="center"
      class="pa-4"
      data-v-50a3fb39=""
      justify="center"
      no-gutters=""
    >
      <v-text-field
        autofocus=""
        class="a-input"
        color="primary"
        data-v-50a3fb39=""
        label="Partner's address"
        modelvalue=""
        title="Partner's ADM address like U1234567890987654321 or Share link"
        variant="underlined"
      />
      <v-col
        class="text-center"
        cols="12"
        data-v-50a3fb39=""
      >
        <v-btn
          class="chat-start-dialog__btn-start-chat a-btn-primary"
          data-v-50a3fb39=""
        >
          Start a chat
        </v-btn>
      </v-col>
      <v-col
        class="chat-start-dialog__btn-show-qrcode"
        cols="12"
        data-v-50a3fb39=""
      >
        <a
          class="a-text-active"
          data-v-50a3fb39=""
        >
          Show my QR code
        </a>
      </v-col>
    </v-row>
  </v-card>
  <!--v-if-->
  <v-dialog
    data-v-50a3fb39=""
    modelvalue="false"
    width="250"
  >
    <v-card>
      <v-row
        class="py-3"
        justify="center"
        no-gutters=""
      >
        <div
          style="cursor: pointer;"
        >
          <img
            alt=""
            data-v-537400c4=""
            src=""
          />
        </div>
        <v-btn
          class="a-btn-primary mt-4 mb-2"
        >
          Save to images
        </v-btn>
      </v-row>
    </v-card>
  </v-dialog>
</v-dialog>
`;
