// Vitest Snapshot v1, https://vitest.dev/guide/snapshot.html

exports[`PassphraseGenerator.vue > renders the correct markup 1`] = `
<div
  class="passphrase-generator"
  data-v-f3fe94d6=""
>
  <div
    class="text-center"
    data-v-f3fe94d6=""
  >
    <h3
      class="a-text-regular"
      data-v-f3fe94d6=""
    >
      Or create a new anonymous address:
    </h3>
    <v-btn
      class="a-btn-link mt-2"
      data-v-f3fe94d6=""
      size="small"
      variant="text"
    >
      Create new
    </v-btn>
  </div>
  <transition-stub
    appear="false"
    css="true"
    data-v-f3fe94d6=""
    name="slide-fade"
    persisted="false"
  >
    <!--v-if-->
  </transition-stub>
  <qrcode-renderer-dialog-stub
    data-v-f3fe94d6=""
    modelvalue="false"
    text=""
  />
</div>
`;
