// Jest Snapshot v1, https://goo.gl/fbAQLP

exports[`SendFundsForm renders the correct markup 1`] = `
<div
  class="send-funds-form"
>
  <v-form-stub
    value="true"
  >
    <v-select-stub
      class="a-input"
      items="ADM,ETH,BZ,KCS,DOGE,DASH,BNB,USDS"
    />
     
    <v-text-field-stub
      class="a-input"
      type="text"
    >
      <template>
        <span
          class="font-weight-medium"
        >
          
          To Address
        
        </span>
      </template>
    </v-text-field-stub>
     
    <v-text-field-stub
      class="a-input"
      max="9999.5"
      min="0.01"
      step="0.01"
      type="number"
    >
      <template>
        <span
          class="font-weight-medium"
        >
          Amount to send
        </span>
         
        <span
          class="body-1"
        >
          
          (max: 9999.5 ADM)
        
        </span>
      </template>
    </v-text-field-stub>
     
    <v-text-field-stub
      class="a-input"
      disabled=""
      label="Transfer fee"
      value="0.5 ADM"
    />
     
    <v-text-field-stub
      class="a-input"
      disabled=""
      label="Amount including a transfer fee"
      value="0.5 ADM"
    />
     
    <!---->
     
    <div
      class="text-xs-center"
    >
      <v-btn-stub
        activeclass="v-btn--active"
        class="a-btn-primary send-funds-form__button"
        tag="button"
        type="button"
      >
        
        Send
      
      </v-btn-stub>
    </div>
  </v-form-stub>
   
  <v-dialog-stub
    maxwidth="none"
    origin="center center"
    transition="dialog-transition"
    width="500"
  >
    <v-card-stub>
      <v-card-title-stub
        class="a-text-header"
      >
        Transfer confirmation
      </v-card-title-stub>
       
      <v-divider-stub
        class="a-divider"
      />
       
      <v-card-text-stub
        class="a-text-regular-enlarged"
      />
       
      <v-card-actions-stub>
        <v-spacer-stub />
         
        <v-btn-stub
          activeclass="v-btn--active"
          class="a-btn-regular"
          flat="true"
          tag="button"
          type="button"
        >
          
          Cancel
        
        </v-btn-stub>
         
        <v-btn-stub
          activeclass="v-btn--active"
          class="a-btn-regular"
          flat="true"
          tag="button"
          type="button"
        >
          <v-progress-circular-stub
            class="mr-3"
            color="primary"
            indeterminate="true"
            rotate="0"
            size="24"
            style="display: none;"
            value="0"
            width="4"
          />
          
          Confirm
        
        </v-btn-stub>
      </v-card-actions-stub>
    </v-card-stub>
  </v-dialog-stub>
</div>
`;
